TAP version 13
# Subtest: default app route uses native Translator, no server fetch; results stay portable
ok 1 - default app route uses native Translator, no server fetch; results stay portable
  ---
  duration_ms: 24.34237
  type: 'test'
  ...
# Subtest: first download requires activation, reports progress, and shares one model
ok 2 - first download requires activation, reports progress, and shares one model
  ---
  duration_ms: 1.203209
  type: 'test'
  ...
# Subtest: unsupported API and unsupported language pair provide useful errors without deleting lessons
ok 3 - unsupported API and unsupported language pair provide useful errors without deleting lessons
  ---
  duration_ms: 1.385896
  type: 'test'
  ...
# Subtest: cancelled lessons do not wait for or receive a pending model download
ok 4 - cancelled lessons do not wait for or receive a pending model download
  ---
  duration_ms: 1.278894
  type: 'test'
  ...
# Subtest: completed items survive a later native error and retry only requests missing content
ok 5 - completed items survive a later native error and retry only requests missing content
  ---
  duration_ms: 2.816039
  type: 'test'
  ...
# Subtest: manual edits and changed English still reject outdated native translations
ok 6 - manual edits and changed English still reject outdated native translations
  ---
  duration_ms: 1.449312
  type: 'test'
  ...
# Subtest: native translation errors never replace a previous valid translation with an empty string
ok 7 - native translation errors never replace a previous valid translation with an empty string
  ---
  duration_ms: 0.776545
  type: 'test'
  ...
# Subtest: failed model creation resets the promise so a click can retry
ok 8 - failed model creation resets the promise so a click can retry
  ---
  duration_ms: 0.518774
  type: 'test'
  ...
# Subtest: model initialization has a bounded timeout instead of a permanent pending job
ok 9 - model initialization has a bounded timeout instead of a permanent pending job
  ---
  duration_ms: 6.09066
  type: 'test'
  ...
# Subtest: translation cancellation reaches the native operation and leaves its result unsaved
ok 10 - translation cancellation reaches the native operation and leaves its result unsaved
  ---
  duration_ms: 1.093163
  type: 'test'
  ...
# Subtest: already downloaded models translate even if navigator reports offline
ok 11 - already downloaded models translate even if navigator reports offline
  ---
  duration_ms: 0.71435
  type: 'test'
  ...
# Subtest: sentence boundaries, honorifics, decimals and dialogue
ok 12 - sentence boundaries, honorifics, decimals and dialogue
  ---
  duration_ms: 18.797205
  type: 'test'
  ...
# Subtest: long sentence chunks preserve words
ok 13 - long sentence chunks preserve words
  ---
  duration_ms: 0.783445
  type: 'test'
  ...
# Subtest: SRT boundaries, multiline and entities
ok 14 - SRT boundaries, multiline and entities
  ---
  duration_ms: 0.615301
  type: 'test'
  ...
# Subtest: VTT speaker tags and long cue timing
ok 15 - VTT speaker tags and long cue timing
  ---
  duration_ms: 0.326574
  type: 'test'
  ...
# Subtest: copied YouTube timestamps marked estimated
ok 16 - copied YouTube timestamps marked estimated
  ---
  duration_ms: 0.364932
  type: 'test'
  ...
# Subtest: reject invalid, oversized, empty transcripts
ok 17 - reject invalid, oversized, empty transcripts
  ---
  duration_ms: 6.210631
  type: 'test'
  ...
# Subtest: lenient and strict comparisons
ok 18 - lenient and strict comparisons
  ---
  duration_ms: 2.556576
  type: 'test'
  ...
# Subtest: missing, excess and replacement tokens
ok 19 - missing, excess and replacement tokens
  ---
  duration_ms: 0.775703
  type: 'test'
  ...
# Subtest: transpositions are labelled moved
ok 20 - transpositions are labelled moved
  ---
  duration_ms: 0.398773
  type: 'test'
  ...
# Subtest: ASR contraction normalization is isolated from dictation
ok 21 - ASR contraction normalization is isolated from dictation
  ---
  duration_ms: 0.755603
  type: 'test'
  ...
# Subtest: error categories are suggestions
ok 22 - error categories are suggestions
  ---
  duration_ms: 0.278111
  type: 'test'
  ...
# Subtest: blanks deterministic, hints progressive
ok 23 - blanks deterministic, hints progressive
  ---
  duration_ms: 0.996727
  type: 'test'
  ...
# Subtest: attempts, review mistakes, hinted answer is not mastered
ok 24 - attempts, review mistakes, hinted answer is not mastered
  ---
  duration_ms: 1.128607
  type: 'test'
  ...
# Subtest: attempt history cap
ok 25 - attempt history cap
  ---
  duration_ms: 0.655071
  type: 'test'
  ...
# Subtest: portable file round trip retains progress, audio, notes and roles
ok 26 - portable file round trip retains progress, audio, notes and roles
  ---
  duration_ms: 2.285937
  type: 'test'
  ...
# Subtest: invalid import rejects bad versions, duplicate IDs and fake MIME
ok 27 - invalid import rejects bad versions, duplicate IDs and fake MIME
  ---
  duration_ms: 0.716163
  type: 'test'
  ...
# Subtest: word timings mapped, absent data explicitly approximate
ok 28 - word timings mapped, absent data explicitly approximate
  ---
  duration_ms: 0.333564
  type: 'test'
  ...
# Subtest: local store restores lesson without audio
ok 29 - local store restores lesson without audio
  ---
  duration_ms: 0.786038
  type: 'test'
  ...
# Subtest: storage failure is explicit and previous stored bytes stay intact
ok 30 - storage failure is explicit and previous stored bytes stay intact
  ---
  duration_ms: 0.523502
  type: 'test'
  ...
# Subtest: multiple subtitle speakers remain distinct and split timing is approximate
ok 31 - multiple subtitle speakers remain distinct and split timing is approximate
  ---
  duration_ms: 0.43659
  type: 'test'
  ...
# Subtest: copied timestamped text keeps wrapped lines in the same interval
ok 32 - copied timestamped text keeps wrapped lines in the same interval
  ---
  duration_ms: 0.278872
  type: 'test'
  ...
# Subtest: malformed timing and non-word text are rejected
ok 33 - malformed timing and non-word text are rejected
  ---
  duration_ms: 0.411572
  type: 'test'
  ...
# Subtest: speech contraction errors refer to the original word index
ok 34 - speech contraction errors refer to the original word index
  ---
  duration_ms: 0.196557
  type: 'test'
  ...
# Subtest: extra words enter review; hinted answers do not resolve mistakes
ok 35 - extra words enter review; hinted answers do not resolve mistakes
  ---
  duration_ms: 0.612486
  type: 'test'
  ...
# Subtest: mastery and lifetime attempt counts survive capped history and file reopening
ok 36 - mastery and lifetime attempt counts survive capped history and file reopening
  ---
  duration_ms: 1.07102
  type: 'test'
  ...
# Subtest: corrupt local data is preserved while a new lesson can still be exported
ok 37 - corrupt local data is preserved while a new lesson can still be exported
  ---
  duration_ms: 0.453056
  type: 'test'
  ...
# Subtest: theme, color and feedback controls save preferences and keep sound out of playback/recording
ok 38 - theme, color and feedback controls save preferences and keep sound out of playback/recording
  ---
  duration_ms: 19.705198
  type: 'test'
  ...
# Subtest: default lesson and pending stores never use localStorage or the old quota
ok 39 - default lesson and pending stores never use localStorage or the old quota
  ---
  duration_ms: 34.563066
  type: 'test'
  ...
# Subtest: two fresh RAM clients restore progress, settings, translations, MP3 and global appearance
ok 40 - two fresh RAM clients restore progress, settings, translations, MP3 and global appearance
  ---
  duration_ms: 42.280907
  type: 'test'
  ...
# Subtest: recordings are excluded from encrypted manifests and cloud chunks while transcripts remain
ok 41 - recordings are excluded from encrypted manifests and cloud chunks while transcripts remain
  ---
  duration_ms: 5.253774
  type: 'test'
  ...
# Subtest: disk stores recordings only, replacing the same sentence while preserving other recordings
ok 42 - disk stores recordings only, replacing the same sentence while preserving other recordings
  ---
  duration_ms: 3.245277
  type: 'test'
  ...
# Subtest: 30-day cleanup scans unopened lessons and preserves original age on reads and exports
ok 43 - 30-day cleanup scans unopened lessons and preserves original age on reads and exports
  ---
  duration_ms: 3.079487
  type: 'test'
  ...
# Subtest: recordings-only disk cache cannot discard model audio references during progress save
ok 44 - recordings-only disk cache cannot discard model audio references during progress save
  ---
  duration_ms: 17.402996
  type: 'test'
  ...
# Subtest: legacy lesson and preferences move to Firebase before localStorage and model backups are removed
ok 45 - legacy lesson and preferences move to Firebase before localStorage and model backups are removed
  ---
  duration_ms: 17.82882
  type: 'test'
  ...
# Subtest: malformed legacy data remains intact and unrelated private workspaces are not migrated
ok 46 - malformed legacy data remains intact and unrelated private workspaces are not migrated
  ---
  duration_ms: 0.842063
  type: 'test'
  ...
# Subtest: server acknowledgement is required for synced status; offline updates stay pending
ok 47 - server acknowledgement is required for synced status; offline updates stay pending
  ---
  duration_ms: 1.750577
  type: 'test'
  ...
# Subtest: edits to appearance during initial load merge only changed fields with server settings
ok 48 - edits to appearance during initial load merge only changed fields with server settings
  ---
  duration_ms: 2.111433
  type: 'test'
  ...
# Subtest: simultaneous appearance edits use the existing version-choice flow
ok 49 - simultaneous appearance edits use the existing version-choice flow
  ---
  duration_ms: 2.739232
  type: 'test'
  ...
# Subtest: appearance document name is not reserved by Firestore
ok 50 - appearance document name is not reserved by Firestore
  ---
  duration_ms: 0.216227
  type: 'test'
  ...
# Subtest: MP3 conversion history and playback settings survive a fresh device
ok 51 - MP3 conversion history and playback settings survive a fresh device
  ---
  duration_ms: 12.639804
  type: 'test'
  ...
# Subtest: newer legacy edits are protected even when the old cloud commit has a later network timestamp
ok 52 - newer legacy edits are protected even when the old cloud commit has a later network timestamp
  ---
  duration_ms: 4.809312
  type: 'test'
  ...
# Subtest: per-reader profiles, narrator statistics and legacy defaults survive validation
ok 53 - per-reader profiles, narrator statistics and legacy defaults survive validation
  ---
  duration_ms: 20.777509
  type: 'test'
  ...
# Subtest: paragraphs group into one request, dialogues preserve reader changes
ok 54 - paragraphs group into one request, dialogues preserve reader changes
  ---
  duration_ms: 7.695878
  type: 'test'
  ...
# Subtest: playback speed does not regenerate speech; synthesis controls do
ok 55 - playback speed does not regenerate speech; synthesis controls do
  ---
  duration_ms: 9.460866
  type: 'test'
  ...
# Subtest: real MP3 frames trim trailing silence without truncating a frame
ok 56 - real MP3 frames trim trailing silence without truncating a frame
  ---
  duration_ms: 6.998964
  type: 'test'
  ...
# Subtest: one paragraph MP3 has sentence and word boundaries; full file round trip
ok 57 - one paragraph MP3 has sentence and word boundaries; full file round trip
  ---
  duration_ms: 9.153462
  type: 'test'
  ...
# Subtest: private sync link is stable in the URL, device-independent, and never written to localStorage
ok 58 - private sync link is stable in the URL, device-independent, and never written to localStorage
  ---
  duration_ms: 1.592078
  type: 'test'
  ...
# Subtest: AES-GCM rejects tampering, a wrong private link and swapped contexts
ok 59 - AES-GCM rejects tampering, a wrong private link and swapped contexts
  ---
  duration_ms: 2.315011
  type: 'test'
  ...
# Subtest: encrypted Firebase transport round trip retains lesson, notes, progress and audio
ok 60 - encrypted Firebase transport round trip retains lesson, notes, progress and audio
  ---
  duration_ms: 10.955287
  type: 'test'
  ...
# Subtest: legacy adapter queue retries offline changes after reopening
ok 61 - legacy adapter queue retries offline changes after reopening
  ---
  duration_ms: 2.840996
  type: 'test'
  ...
# Subtest: simultaneous edits expose a conflict and either version can be chosen
ok 62 - simultaneous edits expose a conflict and either version can be chosen
  ---
  duration_ms: 8.139249
  type: 'test'
  ...
# Subtest: changes made during an upload remain queued with the new base revision
ok 63 - changes made during an upload remain queued with the new base revision
  ---
  duration_ms: 3.176103
  type: 'test'
  ...
# Subtest: a committed write with a lost acknowledgement is recovered, not mistaken for a conflict
ok 64 - a committed write with a lost acknowledgement is recovered, not mistaken for a conflict
  ---
  duration_ms: 2.195991
  type: 'test'
  ...
# Subtest: Unicode chunks preserve emoji and stay under Firestore document limits
ok 65 - Unicode chunks preserve emoji and stay under Firestore document limits
  ---
  duration_ms: 109.690303
  type: 'test'
  ...
# Subtest: deletion syncs as a tombstone and does not return on another device
ok 66 - deletion syncs as a tombstone and does not return on another device
  ---
  duration_ms: 3.67686
  type: 'test'
  ...
# Subtest: missing media retains Firebase audio references while local progress uploads
ok 67 - missing media retains Firebase audio references while local progress uploads
  ---
  duration_ms: 7.291336
  type: 'test'
  ...
# Subtest: REST fallback paginates, preserves ciphertext fields and uses server preconditions
ok 68 - REST fallback paginates, preserves ciphertext fields and uses server preconditions
  ---
  duration_ms: 4.644984
  type: 'test'
  ...
# Subtest: REST fallback maps permission errors and distinguishes absent documents
ok 69 - REST fallback maps permission errors and distinguishes absent documents
  ---
  duration_ms: 0.627059
  type: 'test'
  ...
# Subtest: auto translates each sentence and whole dialogue, without changing learning state
ok 70 - auto translates each sentence and whole dialogue, without changing learning state
  ---
  duration_ms: 18.103917
  type: 'test'
  ...
# Subtest: translation and appearance survive export/import and legacy adapter reload
ok 71 - translation and appearance survive export/import and legacy adapter reload
  ---
  duration_ms: 2.078243
  type: 'test'
  ...
# Subtest: manual translations are preserved, including edits made during a request
ok 72 - manual translations are preserved, including edits made during a request
  ---
  duration_ms: 0.650915
  type: 'test'
  ...
# Subtest: editing English in flight discards stale results and translates new text
ok 73 - editing English in flight discards stale results and translates new text
  ---
  duration_ms: 0.878889
  type: 'test'
  ...
# Subtest: provider failure keeps the lesson usable and retry preserves partial translations
ok 74 - provider failure keeps the lesson usable and retry preserves partial translations
  ---
  duration_ms: 1.877168
  type: 'test'
  ...
# Subtest: canceling or replacing a lesson cannot write an old translation into its replacement
ok 75 - canceling or replacing a lesson cannot write an old translation into its replacement
  ---
  duration_ms: 0.766539
  type: 'test'
  ...
# Subtest: long text, paragraph cache and sentence identifiers remain bounded and unambiguous
ok 76 - long text, paragraph cache and sentence identifiers remain bounded and unambiguous
  ---
  duration_ms: 4.737174
  type: 'test'
  ...
# Subtest: stale auto translations are detected, legacy manual translations remain valid
ok 77 - stale auto translations are detected, legacy manual translations remain valid
  ---
  duration_ms: 0.85
  type: 'test'
  ...
# Subtest: a recovered paragraph cache is reused without another provider request
ok 78 - a recovered paragraph cache is reused without another provider request
  ---
  duration_ms: 1.813142
  type: 'test'
  ...
# Subtest: a long Vietnamese translation is not truncated when saved or reopened
ok 79 - a long Vietnamese translation is not truncated when saved or reopened
  ---
  duration_ms: 0.779208
  type: 'test'
  ...
# Subtest: custom colors remain readable in both themes, malformed settings are sanitized
ok 80 - custom colors remain readable in both themes, malformed settings are sanitized
  ---
  duration_ms: 1.715144
  type: 'test'
  ...
1..80
# tests 80
# suites 0
# pass 80
# fail 0
# cancelled 0
# skipped 0
# todo 0
# duration_ms 327.448185
